2026-08-18 04:57:55,868 INFO __main__: Бот запущен
2026-08-18 04:57:55,868 INFO aiogram.dispatcher: Start polling
2026-08-18 04:57:56,328 INFO aiogram.dispatcher: Run polling for bot @koldunrerebot id=6300618285 - 'Генератор видео'
2026-08-18 05:00:41,762 INFO httpx: HTTP Request: POST https://ai.api.cloud.yandex.net/v1/chat/completions "HTTP/1.1 200 OK"
2026-08-18 05:00:41,763 INFO pipeline: Видео-источник: Steam, игра «The Sinking City 2»
2026-08-18 05:00:41,763 INFO __main__: [user 1026451894] 🎧 Озвучиваю (1/1)…
2026-08-18 05:00:41,918 INFO tts: TTS: чанк 1/1 (652 символов)
2026-08-18 05:00:42,201 INFO httpx: HTTP Request: POST https://tts.api.cloud.yandex.net/speech/v1/tts:synthesize?text=%D0%9A%D1%80%D0%B8%D1%82%D0%B8%D0%BA%D0%B8+%D0%B2%D1%81%D1%82%D1%80%D0%B5%D1%82%D0%B8%D0%BB%D0%B8+The+Sinking+City+2+%D1%82%D0%B5%D0%BF%D0%BB%D0%B5%D0%B5%2C+%D1%87%D0%B5%D0%BC+%D0%BE%D1%80%D0%B8%D0%B3%D0%B8%D0%BD%D0%B0%D0%BB.+%D0%92+%D1%81%D1%80%D0%B5%D0%B4%D0%BD%D0%B5%D0%BC%2C+%D0%BF%D0%BE+%D0%B4%D0%B0%D0%BD%D0%BD%D1%8B%D0%BC+Metacritic+%D0%B8+OpenCritic%2C+%D0%B8%D0%B3%D1%80%D0%B0+%D0%BF%D0%BE%D0%BB%D1%83%D1%87%D0%B8%D0%BB%D0%B0+79+%D0%B1%D0%B0%D0%BB%D0%BB%D0%BE%D0%B2+%D0%BD%D0%B0+PS5+%D0%B8+81+%D0%B1%D0%B0%D0%BB%D0%BB+%D1%81+%D1%80%D0%B5%D0%BA%D0%BE%D0%BC%D0%B5%D0%BD%D0%B4%D0%B0%D1%86%D0%B8%D0%B5%D0%B9+%D0%BE%D1%82+70%25+%D1%81%D1%80%D0%B5%D0%B4%D0%B8+%D1%80%D0%B5%D1%86%D0%B5%D0%BD%D0%B7%D0%B5%D0%BD%D1%82%D0%BE%D0%B2.+%D0%9C%D0%BD%D0%BE%D0%B3%D0%B8%D0%B5+%D1%85%D0%B2%D0%B0%D0%BB%D1%8F%D1%82+%D0%BD%D0%BE%D0%B2%D1%8B%D0%B9+%D0%BF%D0%BE%D0%B4%D1%85%D0%BE%D0%B4+%D0%BA+%D0%B3%D0%B5%D0%B9%D0%BC-%D0%B4%D0%B8%D0%B7%D0%B0%D0%B9%D0%BD%D1%83+%D0%B8+%D1%8D%D0%BB%D0%B5%D0%BC%D0%B5%D0%BD%D1%82%D1%8B+%D1%81%D1%83%D1%80%D0%B2%D0%B0%D0%B9%D0%B2%D0%B5%D0%BB-%D1%85%D0%BE%D1%80%D1%80%D0%BE%D1%80%D0%B0+%D0%B2+%D1%81%D1%82%D0%B8%D0%BB%D0%B5+Resident+Evil%2C+%D0%BD%D0%BE+%D0%BD%D0%B5%D0%BA%D0%BE%D1%82%D0%BE%D1%80%D1%8B%D0%B5+%D0%B6%D1%83%D1%80%D0%BD%D0%B0%D0%BB%D0%B8%D1%81%D1%82%D1%8B+%D0%BD%D0%B5+%D0%BE%D1%86%D0%B5%D0%BD%D0%B8%D0%BB%D0%B8+%D0%B4%D0%B5%D1%82%D0%B5%D0%BA%D1%82%D0%B8%D0%B2%D0%BD%D1%83%D1%8E+%D1%81%D0%BE%D1%81%D1%82%D0%B0%D0%B2%D0%BB%D1%8F%D1%8E%D1%89%D1%83%D1%8E.+%D0%9A%D1%80%D0%B8%D1%82%D0%B8%D0%BA%D0%B0%D0%BC+%D1%82%D0%B0%D0%BA%D0%B6%D0%B5+%D0%BD%D0%B5+%D0%BF%D0%BE%D0%BD%D1%80%D0%B0%D0%B2%D0%B8%D0%BB%D0%B8%D1%81%D1%8C+%D0%B1%D1%8E%D0%B4%D0%B6%D0%B5%D1%82%D0%BD%D0%BE%D1%81%D1%82%D1%8C%2C+%D0%B0%D0%BD%D0%B8%D0%BC%D0%B0%D1%86%D0%B8%D1%8F+%D0%BB%D0%B8%D1%86+%D0%B8+%D1%82%D0%B5%D1%85%D0%BD%D0%B8%D1%87%D0%B5%D1%81%D0%BA%D0%B8%D0%B5+%D0%BD%D0%B5%D0%B4%D0%BE%D1%87%D0%B5%D1%82%D1%8B.+%D0%9A%D1%80%D0%BE%D0%BC%D0%B5+%D1%82%D0%BE%D0%B3%D0%BE%2C+The+Sinking+City+2+%D1%81%D1%82%D0%B0%D1%80%D1%82%D1%83%D0%B5%D1%82+%D0%B7%D0%B0%D0%B2%D1%82%D1%80%D0%B0%2C+18+%D0%B0%D0%B2%D0%B3%D1%83%D1%81%D1%82%D0%B0%2C+%D0%BD%D0%B0+PC+%28Steam%2C+GOG%2C+Epic+Games+Store%29%2C+PlayStation+5+%D0%B8+Xbox+Series+%D0%B1%D0%B5%D0%B7+%D1%80%D1%83%D1%81%D1%81%D0%BA%D0%BE%D0%B9+%D0%BB%D0%BE%D0%BA%D0%B0%D0%BB%D0%B8%D0%B7%D0%B0%D1%86%D0%B8%D0%B8.+%D0%9F%D1%80%D0%B5%D0%B4%D0%B7%D0%B0%D0%BA%D0%B0%D0%B7%D0%B0%D0%B2%D1%88%D0%B8%D0%BC+%D0%BF%D1%80%D0%B5%D0%BC%D0%B8%D0%B0%D0%BB%D1%8C%D0%BD%D0%BE%D0%B5+%D0%B8%D0%B7%D0%B4%D0%B0%D0%BD%D0%B8%D0%B5+%D1%83%D0%B6%D0%B5+%D0%B4%D0%BE%D1%81%D1%82%D1%83%D0%BF%D0%BD%D0%B0+%D0%B8%D0%B3%D1%80%D0%B0+%D0%B1%D0%BB%D0%B0%D0%B3%D0%BE%D0%B4%D0%B0%D1%80%D1%8F+%D1%80%D0%B0%D0%BD%D0%BD%D0%B5%D0%BC%D1%83+%D0%B4%D0%BE%D1%81%D1%82%D1%83%D0%BF%D1%83&lang=ru-RU&voice=zahar&emotion=good&speed=1.0&format=lpcm&sampleRateHertz=48000&folderId=b1g491teqvq5d7q9uo99 "HTTP/1.1 200 OK"
2026-08-18 05:00:45,048 INFO tts: TTS готов: tts_audio.mp3, длительность 56.79 с
2026-08-18 05:00:45,048 INFO __main__: [user 1026451894] ✂️ Разбиваю на фразы и считаю тайминг…
2026-08-18 05:00:45,210 INFO __main__: [user 1026451894] 🎬 Подбираю и скачиваю видео-клипы…
2026-08-18 05:00:46,008 INFO httpx: HTTP Request: GET https://store.steampowered.com/api/storesearch/?term=The+Sinking+City+2&l=english&cc=us "HTTP/1.1 200 OK"
2026-08-18 05:00:46,008 INFO video_source: Steam: «The Sinking City 2» -> appid=2825860 (The Sinking City 2)
2026-08-18 05:00:46,325 INFO httpx: HTTP Request: GET https://store.steampowered.com/api/appdetails/?appids=2825860&l=english "HTTP/1.1 200 OK"
2026-08-18 05:00:46,327 INFO video_source: Steam: выбран трейлер «Gameplay Reveal Trailer»
2026-08-18 05:01:33,683 INFO video_source: Steam: трейлер скачан (153.9 с), режу на 15 сегментов
2026-08-18 05:01:33,683 INFO __main__: [user 1026451894] ⚙️ Рендерю видео…
2026-08-18 05:01:33,916 INFO video_render: ffmpeg: рендер video_1787018493_0.mp4 (59.0 с, 15 клипов)
2026-08-18 05:14:00,606 INFO video_render: Готово: output/video_1787018493_0.mp4
2026-08-18 05:14:04,543 INFO aiogram.event: Update id=220340217 is handled. Duration 803725 ms by bot id=6300618285
2026-08-18 05:14:05,845 INFO httpx: HTTP Request: POST https://ai.api.cloud.yandex.net/v1/chat/completions "HTTP/1.1 200 OK"
2026-08-18 05:14:05,845 INFO pipeline: Видео-источник: Steam, игра «нет

Вопрос 1

Вопрос: Из текста игровой новости извлеки название игры, как оно указано в Steam. Ответь ТОЛЬКО названием игры, БЕЗ кавычек, скобок и пояснений. Если игры в тексте нет — ответь одним словом нет.

Нуу

Ассистент: нет»
2026-08-18 05:14:05,846 INFO __main__: [user 1026451894] 🎧 Озвучиваю (1/1)…
2026-08-18 05:14:06,007 INFO tts: TTS: чанк 1/1 (3 символов)
2026-08-18 05:14:06,265 INFO httpx: HTTP Request: POST https://tts.api.cloud.yandex.net/speech/v1/tts:synthesize?text=%D0%9D%D1%83%D1%83&lang=ru-RU&voice=zahar&emotion=good&speed=1.0&format=lpcm&sampleRateHertz=48000&folderId=b1g491teqvq5d7q9uo99 "HTTP/1.1 200 OK"
2026-08-18 05:14:06,593 INFO tts: TTS готов: tts_audio.mp3, длительность 1.12 с
2026-08-18 05:14:06,593 INFO __main__: [user 1026451894] ✂️ Разбиваю на фразы и считаю тайминг…
2026-08-18 05:14:06,751 INFO __main__: [user 1026451894] 🎬 Подбираю и скачиваю видео-клипы…
2026-08-18 05:14:07,595 INFO httpx: HTTP Request: GET https://store.steampowered.com/api/storesearch/?term=%D0%BD%D0%B5%D1%82%0A%0A%D0%92%D0%BE%D0%BF%D1%80%D0%BE%D1%81+1%0A%0A%D0%92%D0%BE%D0%BF%D1%80%D0%BE%D1%81%3A+%D0%98%D0%B7+%D1%82%D0%B5%D0%BA%D1%81%D1%82%D0%B0+%D0%B8%D0%B3%D1%80%D0%BE%D0%B2%D0%BE%D0%B9+%D0%BD%D0%BE%D0%B2%D0%BE%D1%81%D1%82%D0%B8+%D0%B8%D0%B7%D0%B2%D0%BB%D0%B5%D0%BA%D0%B8+%D0%BD%D0%B0%D0%B7%D0%B2%D0%B0%D0%BD%D0%B8%D0%B5+%D0%B8%D0%B3%D1%80%D1%8B%2C+%D0%BA%D0%B0%D0%BA+%D0%BE%D0%BD%D0%BE+%D1%83%D0%BA%D0%B0%D0%B7%D0%B0%D0%BD%D0%BE+%D0%B2+Steam.+%D0%9E%D1%82%D0%B2%D0%B5%D1%82%D1%8C+%D0%A2%D0%9E%D0%9B%D0%AC%D0%9A%D0%9E+%D0%BD%D0%B0%D0%B7%D0%B2%D0%B0%D0%BD%D0%B8%D0%B5%D0%BC+%D0%B8%D0%B3%D1%80%D1%8B%2C+%D0%91%D0%95%D0%97+%D0%BA%D0%B0%D0%B2%D1%8B%D1%87%D0%B5%D0%BA%2C+%D1%81%D0%BA%D0%BE%D0%B1%D0%BE%D0%BA+%D0%B8+%D0%BF%D0%BE%D1%8F%D1%81%D0%BD%D0%B5%D0%BD%D0%B8%D0%B9.+%D0%95%D1%81%D0%BB%D0%B8+%D0%B8%D0%B3%D1%80%D1%8B+%D0%B2+%D1%82%D0%B5%D0%BA%D1%81%D1%82%D0%B5+%D0%BD%D0%B5%D1%82+%E2%80%94+%D0%BE%D1%82%D0%B2%D0%B5%D1%82%D1%8C+%D0%BE%D0%B4%D0%BD%D0%B8%D0%BC+%D1%81%D0%BB%D0%BE%D0%B2%D0%BE%D0%BC+%D0%BD%D0%B5%D1%82.%0A%0A%D0%9D%D1%83%D1%83%0A%0A%D0%90%D1%81%D1%81%D0%B8%D1%81%D1%82%D0%B5%D0%BD%D1%82%3A+%D0%BD%D0%B5%D1%82&l=english&cc=us "HTTP/1.1 200 OK"
2026-08-18 05:14:07,596 WARNING pipeline: Steam не дал видео (По игре «нет

Вопрос 1

Вопрос: Из текста игровой новости извлеки название игры, как оно указано в Steam. Ответь ТОЛЬКО названием игры, БЕЗ кавычек, скобок и пояснений. Если игры в тексте нет — ответь одним словом нет.

Нуу

Ассистент: нет» Steam не нашёл трейлер), fallback на Pexels
2026-08-18 05:14:07,977 INFO httpx: HTTP Request: POST https://ai.api.cloud.yandex.net/v1/chat/completions "HTTP/1.1 200 OK"
2026-08-18 05:14:07,978 INFO video_source: Ключевые слова: ['office', 'programmer', 'laptop', 'meeting room']
2026-08-18 05:14:08,400 INFO httpx: HTTP Request: GET https://api.pexels.com/videos/search?query=office&orientation=portrait&per_page=10 "HTTP/1.1 200 OK"
2026-08-18 05:14:08,703 INFO httpx: HTTP Request: GET https://videos.pexels.com/video-files/33472431/14240276_1080_1920_24fps.mp4 "HTTP/1.1 200 OK"
2026-08-18 05:14:11,381 INFO video_source: Клип 1/1: запрос=office, id=33472431
2026-08-18 05:14:11,381 INFO __main__: [user 1026451894] ⚙️ Рендерю видео…
2026-08-18 05:14:11,617 INFO video_render: ffmpeg: рендер video_1787019251_0.mp4 (2.0 с, 1 клипов)
2026-08-18 05:14:13,328 INFO video_render: Готово: output/video_1787019251_0.mp4
2026-08-18 05:14:14,403 INFO aiogram.event: Update id=220340218 is handled. Duration 347027 ms by bot id=6300618285
2026-08-18 05:14:14,880 INFO httpx: HTTP Request: POST https://ai.api.cloud.yandex.net/v1/chat/completions "HTTP/1.1 200 OK"
2026-08-18 05:14:14,880 INFO pipeline: Видео-источник: Steam, игра «The Sinking City 2»
2026-08-18 05:14:14,880 INFO __main__: [user 1026451894] 🎧 Озвучиваю (1/1)…
2026-08-18 05:14:15,029 INFO tts: TTS: чанк 1/1 (652 символов)
2026-08-18 05:14:15,337 INFO httpx: HTTP Request: POST https://tts.api.cloud.yandex.net/speech/v1/tts:synthesize?text=%D0%9A%D1%80%D0%B8%D1%82%D0%B8%D0%BA%D0%B8+%D0%B2%D1%81%D1%82%D1%80%D0%B5%D1%82%D0%B8%D0%BB%D0%B8+The+Sinking+City+2+%D1%82%D0%B5%D0%BF%D0%BB%D0%B5%D0%B5%2C+%D1%87%D0%B5%D0%BC+%D0%BE%D1%80%D0%B8%D0%B3%D0%B8%D0%BD%D0%B0%D0%BB.+%D0%92+%D1%81%D1%80%D0%B5%D0%B4%D0%BD%D0%B5%D0%BC%2C+%D0%BF%D0%BE+%D0%B4%D0%B0%D0%BD%D0%BD%D1%8B%D0%BC+Metacritic+%D0%B8+OpenCritic%2C+%D0%B8%D0%B3%D1%80%D0%B0+%D0%BF%D0%BE%D0%BB%D1%83%D1%87%D0%B8%D0%BB%D0%B0+79+%D0%B1%D0%B0%D0%BB%D0%BB%D0%BE%D0%B2+%D0%BD%D0%B0+PS5+%D0%B8+81+%D0%B1%D0%B0%D0%BB%D0%BB+%D1%81+%D1%80%D0%B5%D0%BA%D0%BE%D0%BC%D0%B5%D0%BD%D0%B4%D0%B0%D1%86%D0%B8%D0%B5%D0%B9+%D0%BE%D1%82+70%25+%D1%81%D1%80%D0%B5%D0%B4%D0%B8+%D1%80%D0%B5%D1%86%D0%B5%D0%BD%D0%B7%D0%B5%D0%BD%D1%82%D0%BE%D0%B2.+%D0%9C%D0%BD%D0%BE%D0%B3%D0%B8%D0%B5+%D1%85%D0%B2%D0%B0%D0%BB%D1%8F%D1%82+%D0%BD%D0%BE%D0%B2%D1%8B%D0%B9+%D0%BF%D0%BE%D0%B4%D1%85%D0%BE%D0%B4+%D0%BA+%D0%B3%D0%B5%D0%B9%D0%BC-%D0%B4%D0%B8%D0%B7%D0%B0%D0%B9%D0%BD%D1%83+%D0%B8+%D1%8D%D0%BB%D0%B5%D0%BC%D0%B5%D0%BD%D1%82%D1%8B+%D1%81%D1%83%D1%80%D0%B2%D0%B0%D0%B9%D0%B2%D0%B5%D0%BB-%D1%85%D0%BE%D1%80%D1%80%D0%BE%D1%80%D0%B0+%D0%B2+%D1%81%D1%82%D0%B8%D0%BB%D0%B5+Resident+Evil%2C+%D0%BD%D0%BE+%D0%BD%D0%B5%D0%BA%D0%BE%D1%82%D0%BE%D1%80%D1%8B%D0%B5+%D0%B6%D1%83%D1%80%D0%BD%D0%B0%D0%BB%D0%B8%D1%81%D1%82%D1%8B+%D0%BD%D0%B5+%D0%BE%D1%86%D0%B5%D0%BD%D0%B8%D0%BB%D0%B8+%D0%B4%D0%B5%D1%82%D0%B5%D0%BA%D1%82%D0%B8%D0%B2%D0%BD%D1%83%D1%8E+%D1%81%D0%BE%D1%81%D1%82%D0%B0%D0%B2%D0%BB%D1%8F%D1%8E%D1%89%D1%83%D1%8E.+%D0%9A%D1%80%D0%B8%D1%82%D0%B8%D0%BA%D0%B0%D0%BC+%D1%82%D0%B0%D0%BA%D0%B6%D0%B5+%D0%BD%D0%B5+%D0%BF%D0%BE%D0%BD%D1%80%D0%B0%D0%B2%D0%B8%D0%BB%D0%B8%D1%81%D1%8C+%D0%B1%D1%8E%D0%B4%D0%B6%D0%B5%D1%82%D0%BD%D0%BE%D1%81%D1%82%D1%8C%2C+%D0%B0%D0%BD%D0%B8%D0%BC%D0%B0%D1%86%D0%B8%D1%8F+%D0%BB%D0%B8%D1%86+%D0%B8+%D1%82%D0%B5%D1%85%D0%BD%D0%B8%D1%87%D0%B5%D1%81%D0%BA%D0%B8%D0%B5+%D0%BD%D0%B5%D0%B4%D0%BE%D1%87%D0%B5%D1%82%D1%8B.+%D0%9A%D1%80%D0%BE%D0%BC%D0%B5+%D1%82%D0%BE%D0%B3%D0%BE%2C+The+Sinking+City+2+%D1%81%D1%82%D0%B0%D1%80%D1%82%D1%83%D0%B5%D1%82+%D0%B7%D0%B0%D0%B2%D1%82%D1%80%D0%B0%2C+18+%D0%B0%D0%B2%D0%B3%D1%83%D1%81%D1%82%D0%B0%2C+%D0%BD%D0%B0+PC+%28Steam%2C+GOG%2C+Epic+Games+Store%29%2C+PlayStation+5+%D0%B8+Xbox+Series+%D0%B1%D0%B5%D0%B7+%D1%80%D1%83%D1%81%D1%81%D0%BA%D0%BE%D0%B9+%D0%BB%D0%BE%D0%BA%D0%B0%D0%BB%D0%B8%D0%B7%D0%B0%D1%86%D0%B8%D0%B8.+%D0%9F%D1%80%D0%B5%D0%B4%D0%B7%D0%B0%D0%BA%D0%B0%D0%B7%D0%B0%D0%B2%D1%88%D0%B8%D0%BC+%D0%BF%D1%80%D0%B5%D0%BC%D0%B8%D0%B0%D0%BB%D1%8C%D0%BD%D0%BE%D0%B5+%D0%B8%D0%B7%D0%B4%D0%B0%D0%BD%D0%B8%D0%B5+%D1%83%D0%B6%D0%B5+%D0%B4%D0%BE%D1%81%D1%82%D1%83%D0%BF%D0%BD%D0%B0+%D0%B8%D0%B3%D1%80%D0%B0+%D0%B1%D0%BB%D0%B0%D0%B3%D0%BE%D0%B4%D0%B0%D1%80%D1%8F+%D1%80%D0%B0%D0%BD%D0%BD%D0%B5%D0%BC%D1%83+%D0%B4%D0%BE%D1%81%D1%82%D1%83%D0%BF%D1%83&lang=ru-RU&voice=zahar&emotion=good&speed=1.0&format=lpcm&sampleRateHertz=48000&folderId=b1g491teqvq5d7q9uo99 "HTTP/1.1 200 OK"
2026-08-18 05:14:17,752 INFO tts: TTS готов: tts_audio.mp3, длительность 56.88 с
2026-08-18 05:14:17,752 INFO __main__: [user 1026451894] ✂️ Разбиваю на фразы и считаю тайминг…
2026-08-18 05:14:17,850 INFO __main__: [user 1026451894] 🎬 Подбираю и скачиваю видео-клипы…
2026-08-18 05:14:20,063 INFO httpx: HTTP Request: GET https://store.steampowered.com/api/storesearch/?term=The+Sinking+City+2&l=english&cc=us "HTTP/1.1 200 OK"
2026-08-18 05:14:20,064 INFO video_source: Steam: «The Sinking City 2» -> appid=2825860 (The Sinking City 2)
2026-08-18 05:14:20,846 INFO httpx: HTTP Request: GET https://store.steampowered.com/api/appdetails/?appids=2825860&l=english "HTTP/1.1 200 OK"
2026-08-18 05:14:20,846 INFO video_source: Steam: выбран трейлер «Gameplay Reveal Trailer»
2026-08-18 05:15:06,139 INFO video_source: Steam: трейлер скачан (153.9 с), режу на 15 сегментов
2026-08-18 05:15:06,139 INFO __main__: [user 1026451894] ⚙️ Рендерю видео…
2026-08-18 05:15:06,333 INFO video_render: ffmpeg: рендер video_1787019306_0.mp4 (59.1 с, 15 клипов)
2026-08-18 05:27:34,214 INFO video_render: Готово: output/video_1787019306_0.mp4
2026-08-18 05:27:38,217 INFO aiogram.event: Update id=220340219 is handled. Duration 1014815 ms by bot id=6300618285
